start
created
初始化成功
